// Jest Snapshot v1, https://goo.gl/fbAQLP

exports[`Index page Index page to match snapshot 1`] = `
<CommonLayout
  Header={
    <Carousel
      variant="Default"
    />
  }
  showTopBar={false}
>
  <Head>
    <title>
      หน้าแรก
    </title>
    <link
      href="/favicon.ico"
      rel="icon"
    />
  </Head>
  <styled__Main>
    <WhatNewSection />
    <StaticSection
      background="/images/static_bg_curriculum.jpg"
      content="ที่วิศวกรรมคอมพิวเตอร์ มจธ. เรามีหลักสูตรหลากหลาย
    ตอบโจทย์ความต้องการของตลาด ทั้งในไทย และระดับโลก "
      header="หลักสูตร"
      id="1"
    >
      <styled__ButtonStyled>
        <styled__Btn
          $color="primary"
        >
          สำรวจหลักสูตรทั้งหมด
          <HiOutlineArrowRight
            className="Icon"
            style={
              Object {
                "marginLeft": "16px",
              }
            }
          />
        </styled__Btn>
      </styled__ButtonStyled>
      <styled__ButtonStyled>
        <styled__Btn
          $color="white"
        >
          สมัครเข้าเรียน
          <HiOutlineArrowRight
            className="Icon"
            size="16px"
            style={
              Object {
                "marginLeft": "16px",
              }
            }
          />
        </styled__Btn>
      </styled__ButtonStyled>
    </StaticSection>
    <Carousel
      variant="Slider"
    />
    <StaticSection
      background="/images/static_bg_gallery.png"
      content="ประมวลภาพบรรยากาศ กิจกรรมภายในภาควิชาฯ และกิจกรรมภายนอกที่เกี่ยวข้องกับนักศึกษาของภาควิชาฯ"
      header="แกลเลอรี่รูปภาพ"
      id="2"
    />
    <BadgeContactSection />
  </styled__Main>
</CommonLayout>
`;
