// Jest Snapshot v1, https://goo.gl/fbAQLP

exports[`Navbar Tests Navbar component should be defined 1`] = `
<styled__Nav
  $isMobileMenuShow={false}
  $visible={false}
>
  <Container>
    <styled__NavbarBrand>
      <styled__LogoKMUTT
        onClick={[Function]}
        src="/assets/LOGO-KMUTT.svg"
      />
      <styled__StyledDivider
        type="vertical"
      />
      <styled__LogoCPE
        onClick={[Function]}
        src="/assets/LOGO-CPE.svg"
      />
      <styled__Wrapper>
        <styled__Faculty>
          ภาควิชาวิศวกรรมคอมพิวเตอร์
        </styled__Faculty>
        <styled__Department>
          คณะวิศวกรรมศาสตร์ มหาวิทยาลัยเทคโนโลยีพระจอมเกล้าธนบุรี
        </styled__Department>
      </styled__Wrapper>
    </styled__NavbarBrand>
    <styled__MenuButton
      onClick={[Function]}
    >
      ไทย
    </styled__MenuButton>
    <Dropdown
      mouseEnterDelay={0.15}
      mouseLeaveDelay={0.1}
      overlay={<NavbarMenu />}
      overlayStyle={
        Object {
          "marginTop": "40px",
          "position": "fixed",
          "width": "100%",
        }
      }
      placement="bottomCenter"
      trigger={
        Array [
          "click",
        ]
      }
      visible={false}
    >
      <mockConstructor
        onClick={[Function]}
        visible={false}
      />
    </Dropdown>
  </Container>
</styled__Nav>
`;
